2026-05-15 11:24:03,676 - INFO - Pipeline Started
2026-05-15 11:24:03,678 - WARNING - Rejected record: {'shipment_id': 'S006', 'customer_name': 'Frank Thomas', 'origin': 'Mumbai', 'destination': 'Chennai', 'shipment_date': '2026-05-07', 'delivery_date': '2026-05-06', 'status': 'Delivered', 'cost': '-2000'}
2026-05-15 11:24:03,678 - WARNING - Rejected record: {'shipment_id': 'S007', 'customer_name': 'Grace Lee', 'origin': 'Pune', 'destination': 'Bangalore', 'shipment_date': '2026-05-08', 'delivery_date': '2026-05-12', 'status': 'Unknown', 'cost': '4000'}
2026-05-15 11:24:03,679 - WARNING - Duplicate record skipped: S002
2026-05-15 11:24:03,679 - WARNING - Rejected record: {'shipment_id': '', 'customer_name': 'Henry Clark', 'origin': 'Jaipur', 'destination': 'Mumbai', 'shipment_date': '2026-05-09', 'delivery_date': '2026-05-11', 'status': 'Delivered', 'cost': '3000'}
2026-05-15 11:24:03,697 - ERROR - Database connection failed: connection to server at "localhost" (::1), port 5432 failed: Connection refused
	Is the server running on that host and accepting TCP/IP connections?
connection to server at "localhost" (127.0.0.1), port 5432 failed: Connection refused
	Is the server running on that host and accepting TCP/IP connections?

2026-05-15 11:24:03,697 - INFO - Pipeline completed. Records written: 6
2026-05-15 11:24:03,697 - INFO - Showing Top Analytics Now:
2026-05-15 11:24:03,698 - ERROR - Database connection failed: connection to server at "localhost" (::1), port 5432 failed: Connection refused
	Is the server running on that host and accepting TCP/IP connections?
connection to server at "localhost" (127.0.0.1), port 5432 failed: Connection refused
	Is the server running on that host and accepting TCP/IP connections?

2026-05-15 11:24:03,698 - INFO - delayed_shipments: None
2026-05-15 11:24:03,698 - INFO - average_delivery_time: None
2026-05-15 11:24:03,698 - INFO - revenue_by_route: None
2026-05-15 11:24:03,698 - INFO - top_customers: None
2026-05-15 11:24:03,698 - INFO - End of Analytics
2026-05-15 11:24:03,698 - INFO - uploading /Users/deepak/Data Engineering/data-engineering-journey/shipment_pipeline/data/processed/processed_shipments.csv to processed/shipments/year=2026/month=05/day=15/processed_shipments.csv
2026-05-15 11:24:03,853 - INFO - uploaded /Users/deepak/Data Engineering/data-engineering-journey/shipment_pipeline/data/processed/processed_shipments.csv to processed/shipments/year=2026/month=05/day=15/processed_shipments.csv
